PS C:\TEST> mkdir git_challenge


    ディレクトリ: C:\TEST


d-----        2025/03/09     20:35                git_challenge


PS C:\TEST> cd git_challenge
PS C:\TEST\git_challenge> git init
Initialized empty Git repository in C:/TEST/git_challenge/.git/
PS C:\TEST\git_challenge> git add hello_world.txt
PS C:\TEST\git_challenge> git commit -m "最初のコミット"
[main (root-commit) 05e06f8] 最初のコミット
 1 file changed, 1 insertion(+)
 create mode 100644 hello_world.txt
PS C:\TEST\git_challenge> git add hello_world.txt
PS C:\TEST\git_challenge> git commit -m "2回目のコミット"
[main ae01c9b] 2回目のコミット
 1 file changed, 2 insertions(+), 1 deletion(-)
PS C:\TEST\git_challenge> git log --oneline
ae01c9b (HEAD -> main) 2回目のコミット
05e06f8 最初のコミット