PS C:\TEST> mkdir git_challenge


    ディレクトリ: C:\TEST


Mode                 LastWriteTime         Length Name
----                 -------------         ------ ----
d-----        2025/03/09     22:54                git_challenge


PS C:\TEST> cd C:\TEST\git_challenge
PS C:\TEST\git_challenge> git init
Initialized empty Git repository in C:/TEST/git_challenge/.git/
PS C:\TEST\git_challenge> git add hello_world.txt
PS C:\TEST\git_challenge> git commit -m "hello_world.txtの作成"
[main (root-commit) aaea462] hello_world.txtの作成
 1 file changed, 1 insertion(+)
 create mode 100644 hello_world.txt
PS C:\TEST\git_challenge> git add hello_world.txt
PS C:\TEST\git_challenge> git commit -m "こんにちは、世界！の追加"
[main ca3ddcc] こんにちは、世界！の追加        
 1 file changed, 2 insertions(+), 1 deletion(-)
PS C:\TEST\git_challenge> git log --oneline
ca3ddcc (HEAD -> main) こんにちは、世界！の追加
aaea462 hello_world.txtの作成